// Jest Snapshot v1, https://goo.gl/fbAQLP

exports[`<FilmList /> Renders correctly 1`] = `"<div class=\\"FilmListstyles__FilmListContainer-sc-1g4vwsu-0 bKKCvi\\"><div class=\\"FilmListstyles__SortControlsContainer-sc-1g4vwsu-1 hpWsaf\\">Sort by:<button class=\\"FilmListstyles__SortButton-sc-1g4vwsu-2 hVlahb\\">Title</button><button class=\\"FilmListstyles__SortButton-sc-1g4vwsu-2 hVlahb\\">Release Date</button></div><div class=\\"FilmItemstyles__FilmItemContainer-sc-14hvbk9-0 eSGjBp\\"><div class=\\"Row-sc-10eqdlj-0 hATPeQ\\">A New Hope</div></div><div class=\\"FilmItemstyles__FilmItemContainer-sc-14hvbk9-0 eSGjBp\\"><div class=\\"Row-sc-10eqdlj-0 hATPeQ\\">The Empire Strikes Back</div></div><div class=\\"FilmItemstyles__FilmItemContainer-sc-14hvbk9-0 eSGjBp\\"><div class=\\"Row-sc-10eqdlj-0 hATPeQ\\">Return of the Jedi</div></div><div class=\\"FilmItemstyles__FilmItemContainer-sc-14hvbk9-0 eSGjBp\\"><div class=\\"Row-sc-10eqdlj-0 hATPeQ\\">The Phantom Menace</div></div><div class=\\"FilmItemstyles__FilmItemContainer-sc-14hvbk9-0 eSGjBp\\"><div class=\\"Row-sc-10eqdlj-0 hATPeQ\\">Attack of the Clones</div></div><div class=\\"FilmItemstyles__FilmItemContainer-sc-14hvbk9-0 eSGjBp\\"><div class=\\"Row-sc-10eqdlj-0 hATPeQ\\">Revenge of the Sith</div></div></div>"`;

exports[`<FilmList /> Sorting works 1`] = `"<div class=\\"FilmListstyles__FilmListContainer-sc-1g4vwsu-0 bKKCvi\\"><div class=\\"FilmListstyles__SortControlsContainer-sc-1g4vwsu-1 hpWsaf\\">Sort by:<button class=\\"FilmListstyles__SortButton-sc-1g4vwsu-2 hVlahb\\">Title</button><button class=\\"FilmListstyles__SortButton-sc-1g4vwsu-2 hVlahb\\">Release Date</button></div><div class=\\"FilmItemstyles__FilmItemContainer-sc-14hvbk9-0 eSGjBp\\"><div class=\\"Row-sc-10eqdlj-0 hATPeQ\\">A New Hope</div></div><div class=\\"FilmItemstyles__FilmItemContainer-sc-14hvbk9-0 eSGjBp\\"><div class=\\"Row-sc-10eqdlj-0 hATPeQ\\">Attack of the Clones</div></div><div class=\\"FilmItemstyles__FilmItemContainer-sc-14hvbk9-0 eSGjBp\\"><div class=\\"Row-sc-10eqdlj-0 hATPeQ\\">Return of the Jedi</div></div><div class=\\"FilmItemstyles__FilmItemContainer-sc-14hvbk9-0 eSGjBp\\"><div class=\\"Row-sc-10eqdlj-0 hATPeQ\\">Revenge of the Sith</div></div><div class=\\"FilmItemstyles__FilmItemContainer-sc-14hvbk9-0 eSGjBp\\"><div class=\\"Row-sc-10eqdlj-0 hATPeQ\\">The Empire Strikes Back</div></div><div class=\\"FilmItemstyles__FilmItemContainer-sc-14hvbk9-0 eSGjBp\\"><div class=\\"Row-sc-10eqdlj-0 hATPeQ\\">The Phantom Menace</div></div></div>"`;

exports[`<FilmList /> Sorting works 2`] = `"<div class=\\"FilmListstyles__FilmListContainer-sc-1g4vwsu-0 bKKCvi\\"><div class=\\"FilmListstyles__SortControlsContainer-sc-1g4vwsu-1 hpWsaf\\">Sort by:<button class=\\"FilmListstyles__SortButton-sc-1g4vwsu-2 hVlahb\\">Title</button><button class=\\"FilmListstyles__SortButton-sc-1g4vwsu-2 hVlahb\\">Release Date</button></div><div class=\\"FilmItemstyles__FilmItemContainer-sc-14hvbk9-0 eSGjBp\\"><div class=\\"Row-sc-10eqdlj-0 hATPeQ\\">A New Hope</div></div><div class=\\"FilmItemstyles__FilmItemContainer-sc-14hvbk9-0 eSGjBp\\"><div class=\\"Row-sc-10eqdlj-0 hATPeQ\\">The Empire Strikes Back</div></div><div class=\\"FilmItemstyles__FilmItemContainer-sc-14hvbk9-0 eSGjBp\\"><div class=\\"Row-sc-10eqdlj-0 hATPeQ\\">Return of the Jedi</div></div><div class=\\"FilmItemstyles__FilmItemContainer-sc-14hvbk9-0 eSGjBp\\"><div class=\\"Row-sc-10eqdlj-0 hATPeQ\\">The Phantom Menace</div></div><div class=\\"FilmItemstyles__FilmItemContainer-sc-14hvbk9-0 eSGjBp\\"><div class=\\"Row-sc-10eqdlj-0 hATPeQ\\">Attack of the Clones</div></div><div class=\\"FilmItemstyles__FilmItemContainer-sc-14hvbk9-0 eSGjBp\\"><div class=\\"Row-sc-10eqdlj-0 hATPeQ\\">Revenge of the Sith</div></div></div>"`;
